// Jest Snapshot v1, https://goo.gl/fbAQLP

exports[`Mathfield Render code correctly 1`] = `
[
  <View
    style={
      {
        "flex": 1,
      }
    }
  >
    <View
      accessible={true}
      collapsable={false}
      focusable={false}
      onClick={[Function]}
      onResponderGrant={[Function]}
      onResponderMove={[Function]}
      onResponderRelease={[Function]}
      onResponderTerminate={[Function]}
      onResponderTerminationRequest={[Function]}
      onStartShouldSetResponder={[Function]}
      style={
        {
          "backgroundColor": "hsl(204, 20%, 98%)",
          "borderColor": "gray",
          "borderRadius": 8,
          "borderWidth": 1,
          "flexDirection": "row",
          "justifyContent": "space-between",
          "opacity": 1,
          "paddingHorizontal": 8,
          "paddingVertical": 4,
        }
      }
    >
      <View
        style={
          {
            "alignItems": "center",
            "flex": 1,
            "flexDirection": "row",
            "flexWrap": "wrap",
          }
        }
      >
        <View
          style={
            {
              "alignItems": "center",
              "flexDirection": "row",
            }
          }
        >
          <View>
            <View
              accessible={true}
              collapsable={false}
              focusable={true}
              onClick={[Function]}
              onResponderGrant={[Function]}
              onResponderMove={[Function]}
              onResponderRelease={[Function]}
              onResponderTerminate={[Function]}
              onResponderTerminationRequest={[Function]}
              onStartShouldSetResponder={[Function]}
              style={
                {
                  "opacity": 1,
                }
              }
            >
              <Text
                style={
                  [
                    {},
                    false,
                  ]
                }
              >
                3
              </Text>
            </View>
          </View>
        </View>
        <View
          style={
            {
              "alignItems": "center",
              "flexDirection": "row",
            }
          }
        >
          <View>
            <View
              accessible={true}
              collapsable={false}
              focusable={true}
              onClick={[Function]}
              onResponderGrant={[Function]}
              onResponderMove={[Function]}
              onResponderRelease={[Function]}
              onResponderTerminate={[Function]}
              onResponderTerminationRequest={[Function]}
              onStartShouldSetResponder={[Function]}
              style={
                {
                  "opacity": 1,
                }
              }
            >
              <Text
                style={
                  [
                    {},
                    false,
                  ]
                }
              >
                 
              </Text>
            </View>
          </View>
        </View>
        <View
          style={
            {
              "alignItems": "center",
              "flexDirection": "row",
            }
          }
        >
          <View>
            <View
              accessible={true}
              collapsable={false}
              focusable={true}
              onClick={[Function]}
              onResponderGrant={[Function]}
              onResponderMove={[Function]}
              onResponderRelease={[Function]}
              onResponderTerminate={[Function]}
              onResponderTerminationRequest={[Function]}
              onStartShouldSetResponder={[Function]}
              style={
                {
                  "opacity": 1,
                }
              }
            >
              <Text
                style={
                  [
                    {},
                    false,
                  ]
                }
              >
                +
              </Text>
            </View>
          </View>
        </View>
        <View
          style={
            {
              "alignItems": "center",
              "flexDirection": "row",
            }
          }
        >
          <View>
            <View
              accessible={true}
              collapsable={false}
              focusable={true}
              onClick={[Function]}
              onResponderGrant={[Function]}
              onResponderMove={[Function]}
              onResponderRelease={[Function]}
              onResponderTerminate={[Function]}
              onResponderTerminationRequest={[Function]}
              onStartShouldSetResponder={[Function]}
              style={
                {
                  "opacity": 1,
                }
              }
            >
              <Text
                style={
                  [
                    {},
                    false,
                  ]
                }
              >
                 
              </Text>
            </View>
          </View>
        </View>
        <View
          style={
            {
              "alignItems": "center",
              "flexDirection": "row",
            }
          }
        >
          <View>
            <View
              style={
                [
                  {},
                  false,
                ]
              }
            >
              <View
                style={
                  {
                    "alignItems": "center",
                    "alignSelf": "center",
                    "flexDirection": "row",
                  }
                }
              >
                <View>
                  <View
                    accessible={true}
                    collapsable={false}
                    focusable={true}
                    onClick={[Function]}
                    onResponderGrant={[Function]}
                    onResponderMove={[Function]}
                    onResponderRelease={[Function]}
                    onResponderTerminate={[Function]}
                    onResponderTerminationRequest={[Function]}
                    onStartShouldSetResponder={[Function]}
                    style={
                      {
                        "opacity": 1,
                      }
                    }
                  >
                    <Text
                      style={
                        [
                          {},
                          false,
                        ]
                      }
                    >
                      4
                    </Text>
                  </View>
                </View>
                <View>
                  <View
                    accessible={true}
                    collapsable={false}
                    focusable={true}
                    onClick={[Function]}
                    onResponderGrant={[Function]}
                    onResponderMove={[Function]}
                    onResponderRelease={[Function]}
                    onResponderTerminate={[Function]}
                    onResponderTerminationRequest={[Function]}
                    onStartShouldSetResponder={[Function]}
                    style={
                      {
                        "opacity": 1,
                      }
                    }
                  >
                    <Text
                      style={
                        [
                          {},
                          false,
                        ]
                      }
                    >
                      +
                    </Text>
                  </View>
                </View>
                <View>
                  <View
                    accessibilityState={
                      {
                        "disabled": false,
                      }
                    }
                    accessible={true}
                    collapsable={false}
                    focusable={true}
                    onClick={[Function]}
                    onResponderGrant={[Function]}
                    onResponderMove={[Function]}
                    onResponderRelease={[Function]}
                    onResponderTerminate={[Function]}
                    onResponderTerminationRequest={[Function]}
                    onStartShouldSetResponder={[Function]}
                    style={
                      {
                        "opacity": 1,
                      }
                    }
                  >
                    <Text
                      style={
                        [
                          {},
                          false,
                        ]
                      }
                    >
                      ▢
                    </Text>
                  </View>
                </View>
              </View>
              <View
                style={
                  {
                    "borderBottomWidth": 1,
                    "width": "100%",
                  }
                }
              />
              <View
                style={
                  {
                    "alignItems": "center",
                    "alignSelf": "center",
                    "flexDirection": "row",
                  }
                }
              >
                <View>
                  <View
                    accessible={true}
                    collapsable={false}
                    focusable={true}
                    onClick={[Function]}
                    onResponderGrant={[Function]}
                    onResponderMove={[Function]}
                    onResponderRelease={[Function]}
                    onResponderTerminate={[Function]}
                    onResponderTerminationRequest={[Function]}
                    onStartShouldSetResponder={[Function]}
                    style={
                      {
                        "opacity": 1,
                      }
                    }
                  >
                    <Text
                      style={
                        [
                          {},
                          false,
                        ]
                      }
                    >
                      1
                    </Text>
                  </View>
                </View>
                <View>
                  <View
                    accessible={true}
                    collapsable={false}
                    focusable={true}
                    onClick={[Function]}
                    onResponderGrant={[Function]}
                    onResponderMove={[Function]}
                    onResponderRelease={[Function]}
                    onResponderTerminate={[Function]}
                    onResponderTerminationRequest={[Function]}
                    onStartShouldSetResponder={[Function]}
                    style={
                      {
                        "opacity": 1,
                      }
                    }
                  >
                    <Text
                      style={
                        [
                          {},
                          false,
                        ]
                      }
                    >
                      6
                    </Text>
                  </View>
                </View>
                <View>
                  <View
                    accessible={true}
                    collapsable={false}
                    focusable={true}
                    onClick={[Function]}
                    onResponderGrant={[Function]}
                    onResponderMove={[Function]}
                    onResponderRelease={[Function]}
                    onResponderTerminate={[Function]}
                    onResponderTerminationRequest={[Function]}
                    onStartShouldSetResponder={[Function]}
                    style={
                      {
                        "opacity": 1,
                      }
                    }
                  >
                    <Text
                      style={
                        [
                          {},
                          false,
                        ]
                      }
                    >
                       
                    </Text>
                  </View>
                </View>
                <View>
                  <View
                    accessible={true}
                    collapsable={false}
                    focusable={true}
                    onClick={[Function]}
                    onResponderGrant={[Function]}
                    onResponderMove={[Function]}
                    onResponderRelease={[Function]}
                    onResponderTerminate={[Function]}
                    onResponderTerminationRequest={[Function]}
                    onStartShouldSetResponder={[Function]}
                    style={
                      {
                        "opacity": 1,
                      }
                    }
                  >
                    <Text
                      style={
                        [
                          {},
                          false,
                        ]
                      }
                    >
                      -
                    </Text>
                  </View>
                </View>
                <View>
                  <View
                    accessible={true}
                    collapsable={false}
                    focusable={true}
                    onClick={[Function]}
                    onResponderGrant={[Function]}
                    onResponderMove={[Function]}
                    onResponderRelease={[Function]}
                    onResponderTerminate={[Function]}
                    onResponderTerminationRequest={[Function]}
                    onStartShouldSetResponder={[Function]}
                    style={
                      {
                        "opacity": 1,
                      }
                    }
                  >
                    <Text
                      style={
                        [
                          {},
                          false,
                        ]
                      }
                    >
                       
                    </Text>
                  </View>
                </View>
                <View>
                  <View
                    accessible={true}
                    collapsable={false}
                    focusable={true}
                    onClick={[Function]}
                    onResponderGrant={[Function]}
                    onResponderMove={[Function]}
                    onResponderRelease={[Function]}
                    onResponderTerminate={[Function]}
                    onResponderTerminationRequest={[Function]}
                    onStartShouldSetResponder={[Function]}
                    style={
                      {
                        "opacity": 1,
                      }
                    }
                  >
                    <Text
                      style={
                        [
                          {},
                          false,
                        ]
                      }
                    >
                      8
                    </Text>
                  </View>
                </View>
              </View>
            </View>
          </View>
        </View>
        <View
          style={
            {
              "alignItems": "center",
              "flexDirection": "row",
            }
          }
        >
          <View>
            <View
              accessible={true}
              collapsable={false}
              focusable={true}
              onClick={[Function]}
              onResponderGrant={[Function]}
              onResponderMove={[Function]}
              onResponderRelease={[Function]}
              onResponderTerminate={[Function]}
              onResponderTerminationRequest={[Function]}
              onStartShouldSetResponder={[Function]}
              style={
                {
                  "opacity": 1,
                }
              }
            >
              <Text
                style={
                  [
                    {},
                    false,
                  ]
                }
              >
                 
              </Text>
            </View>
          </View>
        </View>
        <View
          style={
            {
              "alignItems": "center",
              "flexDirection": "row",
            }
          }
        >
          <View>
            <View
              accessible={true}
              collapsable={false}
              focusable={true}
              onClick={[Function]}
              onResponderGrant={[Function]}
              onResponderMove={[Function]}
              onResponderRelease={[Function]}
              onResponderTerminate={[Function]}
              onResponderTerminationRequest={[Function]}
              onStartShouldSetResponder={[Function]}
              style={
                {
                  "opacity": 1,
                }
              }
            >
              <Text
                style={
                  [
                    {},
                    false,
                  ]
                }
              >
                +
              </Text>
            </View>
          </View>
        </View>
        <View
          style={
            {
              "alignItems": "center",
              "flexDirection": "row",
            }
          }
        >
          <View>
            <View
              accessible={true}
              collapsable={false}
              focusable={true}
              onClick={[Function]}
              onResponderGrant={[Function]}
              onResponderMove={[Function]}
              onResponderRelease={[Function]}
              onResponderTerminate={[Function]}
              onResponderTerminationRequest={[Function]}
              onStartShouldSetResponder={[Function]}
              style={
                {
                  "opacity": 1,
                }
              }
            >
              <Text
                style={
                  [
                    {},
                    false,
                  ]
                }
              >
                 
              </Text>
            </View>
          </View>
        </View>
        <View
          style={
            {
              "alignItems": "center",
              "flexDirection": "row",
            }
          }
        >
          <View>
            <View
              style={
                [
                  {},
                  [
                    {
                      "alignItems": "center",
                      "justifyContent": "center",
                      "opacity": 1,
                    },
                    false,
                  ],
                  false,
                ]
              }
            >
              <View
                style={
                  {
                    "alignItems": "center",
                    "flexDirection": "row",
                  }
                }
              >
                <View>
                  <View
                    accessible={true}
                    collapsable={false}
                    focusable={true}
                    onClick={[Function]}
                    onResponderGrant={[Function]}
                    onResponderMove={[Function]}
                    onResponderRelease={[Function]}
                    onResponderTerminate={[Function]}
                    onResponderTerminationRequest={[Function]}
                    onStartShouldSetResponder={[Function]}
                    style={
                      {
                        "opacity": 1,
                      }
                    }
                  >
                    <Text
                      style={
                        [
                          {},
                          false,
                        ]
                      }
                    >
                      t
                    </Text>
                  </View>
                </View>
                <View>
                  <View
                    accessible={true}
                    collapsable={false}
                    focusable={true}
                    onClick={[Function]}
                    onResponderGrant={[Function]}
                    onResponderMove={[Function]}
                    onResponderRelease={[Function]}
                    onResponderTerminate={[Function]}
                    onResponderTerminationRequest={[Function]}
                    onStartShouldSetResponder={[Function]}
                    style={
                      {
                        "opacity": 1,
                      }
                    }
                  >
                    <Text
                      style={
                        [
                          {},
                          false,
                        ]
                      }
                    >
                      e
                    </Text>
                  </View>
                </View>
                <View>
                  <View
                    accessible={true}
                    collapsable={false}
                    focusable={true}
                    onClick={[Function]}
                    onResponderGrant={[Function]}
                    onResponderMove={[Function]}
                    onResponderRelease={[Function]}
                    onResponderTerminate={[Function]}
                    onResponderTerminationRequest={[Function]}
                    onStartShouldSetResponder={[Function]}
                    style={
                      {
                        "opacity": 1,
                      }
                    }
                  >
                    <Text
                      style={
                        [
                          {},
                          false,
                        ]
                      }
                    >
                      x
                    </Text>
                  </View>
                </View>
                <View>
                  <View
                    accessible={true}
                    collapsable={false}
                    focusable={true}
                    onClick={[Function]}
                    onResponderGrant={[Function]}
                    onResponderMove={[Function]}
                    onResponderRelease={[Function]}
                    onResponderTerminate={[Function]}
                    onResponderTerminationRequest={[Function]}
                    onStartShouldSetResponder={[Function]}
                    style={
                      {
                        "opacity": 1,
                      }
                    }
                  >
                    <Text
                      style={
                        [
                          {},
                          false,
                        ]
                      }
                    >
                      t
                    </Text>
                  </View>
                </View>
                <View>
                  <View
                    accessible={true}
                    collapsable={false}
                    focusable={true}
                    onClick={[Function]}
                    onResponderGrant={[Function]}
                    onResponderMove={[Function]}
                    onResponderRelease={[Function]}
                    onResponderTerminate={[Function]}
                    onResponderTerminationRequest={[Function]}
                    onStartShouldSetResponder={[Function]}
                    style={
                      {
                        "opacity": 1,
                      }
                    }
                  >
                    <Text
                      style={
                        [
                          {},
                          false,
                        ]
                      }
                    >
                      V
                    </Text>
                  </View>
                </View>
                <View>
                  <View
                    accessible={true}
                    collapsable={false}
                    focusable={true}
                    onClick={[Function]}
                    onResponderGrant={[Function]}
                    onResponderMove={[Function]}
                    onResponderRelease={[Function]}
                    onResponderTerminate={[Function]}
                    onResponderTerminationRequest={[Function]}
                    onStartShouldSetResponder={[Function]}
                    style={
                      {
                        "opacity": 1,
                      }
                    }
                  >
                    <Text
                      style={
                        [
                          {},
                          false,
                        ]
                      }
                    >
                      a
                    </Text>
                  </View>
                </View>
                <View>
                  <View
                    accessible={true}
                    collapsable={false}
                    focusable={true}
                    onClick={[Function]}
                    onResponderGrant={[Function]}
                    onResponderMove={[Function]}
                    onResponderRelease={[Function]}
                    onResponderTerminate={[Function]}
                    onResponderTerminationRequest={[Function]}
                    onStartShouldSetResponder={[Function]}
                    style={
                      {
                        "opacity": 1,
                      }
                    }
                  >
                    <Text
                      style={
                        [
                          {},
                          false,
                        ]
                      }
                    >
                      r
                    </Text>
                  </View>
                </View>
                <View>
                  <View
                    accessible={true}
                    collapsable={false}
                    focusable={true}
                    onClick={[Function]}
                    onResponderGrant={[Function]}
                    onResponderMove={[Function]}
                    onResponderRelease={[Function]}
                    onResponderTerminate={[Function]}
                    onResponderTerminationRequest={[Function]}
                    onStartShouldSetResponder={[Function]}
                    style={
                      {
                        "opacity": 1,
                      }
                    }
                  >
                    <Text
                      style={
                        [
                          {},
                          false,
                        ]
                      }
                    >
                      2
                    </Text>
                  </View>
                </View>
              </View>
            </View>
          </View>
        </View>
        <View
          style={
            {
              "alignItems": "center",
              "flexDirection": "row",
            }
          }
        >
          <View>
            <View
              accessible={true}
              collapsable={false}
              focusable={true}
              onClick={[Function]}
              onResponderGrant={[Function]}
              onResponderMove={[Function]}
              onResponderRelease={[Function]}
              onResponderTerminate={[Function]}
              onResponderTerminationRequest={[Function]}
              onStartShouldSetResponder={[Function]}
              style={
                {
                  "opacity": 1,
                }
              }
            >
              <Text
                style={
                  [
                    {},
                    false,
                  ]
                }
              >
                 
              </Text>
            </View>
          </View>
        </View>
        <View
          style={
            {
              "alignItems": "center",
              "flexDirection": "row",
            }
          }
        >
          <View>
            <View
              accessible={true}
              collapsable={false}
              focusable={true}
              onClick={[Function]}
              onResponderGrant={[Function]}
              onResponderMove={[Function]}
              onResponderRelease={[Function]}
              onResponderTerminate={[Function]}
              onResponderTerminationRequest={[Function]}
              onStartShouldSetResponder={[Function]}
              style={
                {
                  "opacity": 1,
                }
              }
            >
              <Text
                style={
                  [
                    {},
                    false,
                  ]
                }
              >
                +
              </Text>
            </View>
          </View>
        </View>
        <View
          style={
            {
              "alignItems": "center",
              "flexDirection": "row",
            }
          }
        >
          <View>
            <View
              accessible={true}
              collapsable={false}
              focusable={true}
              onClick={[Function]}
              onResponderGrant={[Function]}
              onResponderMove={[Function]}
              onResponderRelease={[Function]}
              onResponderTerminate={[Function]}
              onResponderTerminationRequest={[Function]}
              onStartShouldSetResponder={[Function]}
              style={
                {
                  "opacity": 1,
                }
              }
            >
              <Text
                style={
                  [
                    {},
                    false,
                  ]
                }
              >
                 
              </Text>
            </View>
          </View>
        </View>
        <View
          style={
            {
              "alignItems": "center",
              "flexDirection": "row",
            }
          }
        >
          <View>
            <View
              style={
                [
                  {
                    "flexDirection": "row",
                  },
                  {
                    "backgroundColor": "hsl(204, 50%, 90%)",
                  },
                ]
              }
            >
              <View
                style={
                  {
                    "justifyContent": "center",
                  }
                }
              >
                <Text
                  style={
                    [
                      {},
                      {
                        "fontSize": 24,
                      },
                    ]
                  }
                >
                  √
                </Text>
              </View>
              <View
                onLayout={[Function]}
                style={
                  {
                    "alignItems": "center",
                    "borderTopWidth": 1,
                    "flexDirection": "row",
                    "paddingVertical": 2,
                  }
                }
              >
                <View>
                  <View
                    accessible={true}
                    collapsable={false}
                    focusable={true}
                    onClick={[Function]}
                    onResponderGrant={[Function]}
                    onResponderMove={[Function]}
                    onResponderRelease={[Function]}
                    onResponderTerminate={[Function]}
                    onResponderTerminationRequest={[Function]}
                    onStartShouldSetResponder={[Function]}
                    style={
                      {
                        "opacity": 1,
                      }
                    }
                  >
                    <Text
                      style={
                        [
                          {},
                          false,
                        ]
                      }
                    >
                      2
                    </Text>
                  </View>
                </View>
                <View>
                  <View
                    accessible={true}
                    collapsable={false}
                    focusable={true}
                    onClick={[Function]}
                    onResponderGrant={[Function]}
                    onResponderMove={[Function]}
                    onResponderRelease={[Function]}
                    onResponderTerminate={[Function]}
                    onResponderTerminationRequest={[Function]}
                    onStartShouldSetResponder={[Function]}
                    style={
                      {
                        "opacity": 1,
                      }
                    }
                  >
                    <Text
                      style={
                        [
                          {},
                          false,
                        ]
                      }
                    >
                      4
                    </Text>
                  </View>
                </View>
                <View>
                  <View
                    accessible={true}
                    collapsable={false}
                    focusable={true}
                    onClick={[Function]}
                    onResponderGrant={[Function]}
                    onResponderMove={[Function]}
                    onResponderRelease={[Function]}
                    onResponderTerminate={[Function]}
                    onResponderTerminationRequest={[Function]}
                    onStartShouldSetResponder={[Function]}
                    style={
                      {
                        "opacity": 1,
                      }
                    }
                  >
                    <Text
                      style={
                        [
                          {},
                          false,
                        ]
                      }
                    >
                       
                    </Text>
                  </View>
                </View>
                <View>
                  <View
                    accessible={true}
                    collapsable={false}
                    focusable={true}
                    onClick={[Function]}
                    onResponderGrant={[Function]}
                    onResponderMove={[Function]}
                    onResponderRelease={[Function]}
                    onResponderTerminate={[Function]}
                    onResponderTerminationRequest={[Function]}
                    onStartShouldSetResponder={[Function]}
                    style={
                      {
                        "opacity": 1,
                      }
                    }
                  >
                    <Text
                      style={
                        [
                          {},
                          false,
                        ]
                      }
                    >
                      +
                    </Text>
                  </View>
                </View>
                <View>
                  <View
                    accessible={true}
                    collapsable={false}
                    focusable={true}
                    onClick={[Function]}
                    onResponderGrant={[Function]}
                    onResponderMove={[Function]}
                    onResponderRelease={[Function]}
                    onResponderTerminate={[Function]}
                    onResponderTerminationRequest={[Function]}
                    onStartShouldSetResponder={[Function]}
                    style={
                      {
                        "opacity": 1,
                      }
                    }
                  >
                    <Text
                      style={
                        [
                          {},
                          false,
                        ]
                      }
                    >
                       
                    </Text>
                  </View>
                </View>
                <View>
                  <View
                    style={
                      [
                        {},
                        false,
                      ]
                    }
                  >
                    <View
                      style={
                        {
                          "alignItems": "center",
                          "alignSelf": "center",
                          "flexDirection": "row",
                        }
                      }
                    >
                      <View>
                        <View
                          style={
                            [
                              {
                                "flexDirection": "row",
                              },
                              false,
                            ]
                          }
                        >
                          <View
                            style={
                              {
                                "justifyContent": "center",
                              }
                            }
                          >
                            <Text
                              style={
                                [
                                  {},
                                  {
                                    "fontSize": 24,
                                  },
                                ]
                              }
                            >
                              √
                            </Text>
                          </View>
                          <View
                            onLayout={[Function]}
                            style={
                              {
                                "alignItems": "center",
                                "borderTopWidth": 1,
                                "flexDirection": "row",
                                "paddingVertical": 2,
                              }
                            }
                          >
                            <View>
                              <View
                                accessibilityState={
                                  {
                                    "disabled": false,
                                  }
                                }
                                accessible={true}
                                collapsable={false}
                                focusable={true}
                                onClick={[Function]}
                                onResponderGrant={[Function]}
                                onResponderMove={[Function]}
                                onResponderRelease={[Function]}
                                onResponderTerminate={[Function]}
                                onResponderTerminationRequest={[Function]}
                                onStartShouldSetResponder={[Function]}
                                style={
                                  {
                                    "opacity": 1,
                                  }
                                }
                              >
                                <Text
                                  style={
                                    [
                                      {},
                                      false,
                                    ]
                                  }
                                >
                                  ▢
                                </Text>
                              </View>
                            </View>
                          </View>
                        </View>
                      </View>
                    </View>
                    <View
                      style={
                        {
                          "borderBottomWidth": 1,
                          "width": "100%",
                        }
                      }
                    />
                    <View
                      style={
                        {
                          "alignItems": "center",
                          "alignSelf": "center",
                          "flexDirection": "row",
                        }
                      }
                    >
                      <View>
                        <View
                          accessibilityState={
                            {
                              "disabled": false,
                            }
                          }
                          accessible={true}
                          collapsable={false}
                          focusable={true}
                          onClick={[Function]}
                          onResponderGrant={[Function]}
                          onResponderMove={[Function]}
                          onResponderRelease={[Function]}
                          onResponderTerminate={[Function]}
                          onResponderTerminationRequest={[Function]}
                          onStartShouldSetResponder={[Function]}
                          style={
                            {
                              "opacity": 1,
                            }
                          }
                        >
                          <Text
                            style={
                              [
                                {},
                                false,
                              ]
                            }
                          >
                            ▢
                          </Text>
                        </View>
                      </View>
                    </View>
                  </View>
                </View>
              </View>
            </View>
          </View>
          <Text>
            |
          </Text>
        </View>
      </View>
      <View
        accessible={true}
        collapsable={false}
        focusable={true}
        onClick={[Function]}
        onResponderGrant={[Function]}
        onResponderMove={[Function]}
        onResponderRelease={[Function]}
        onResponderTerminate={[Function]}
        onResponderTerminationRequest={[Function]}
        onStartShouldSetResponder={[Function]}
        style={
          {
            "alignSelf": "center",
            "aspectRatio": "1/1",
            "height": 24,
            "opacity": 1,
          }
        }
      >
        <Image
          source={
            {
              "process": [Function],
            }
          }
          style={
            {
              "height": "100%",
              "width": "100%",
            }
          }
        />
      </View>
    </View>
    <Text>
      1. serialized: 
      3 + \\frac{4+\\placeholder{}}{16 - 8} + \\smash[{"textVar2":"metaVar2"}]{textVar2} + \\sqrt{24 + \\frac{\\sqrt{\\placeholder{}}}{\\placeholder{}}}
    </Text>
    <Text>
      3. ASCII: 
      "3 + ("4+)/("16 - 8)" + "textVar2" + sqrt("24 + (sqrt())/())
       
    </Text>
    <Text>
      4. ASCII meta: 
      {"textVar2":"metaVar2"}
       
    </Text>
  </View>,
  <Modal
    animationType="fade"
    hardwareAccelerated={false}
    onRequestClose={[Function]}
    transparent={true}
    visible={false}
  />,
]
`;
