// Jest Snapshot v1, https://goo.gl/fbAQLP

exports[`Mathfield Render code correctly 1`] = `
[
  <View
    style={
      {
        "flex": 1,
      }
    }
  >
    <View
      accessible={true}
      collapsable={false}
      focusable={false}
      onClick={[Function]}
      onResponderGrant={[Function]}
      onResponderMove={[Function]}
      onResponderRelease={[Function]}
      onResponderTerminate={[Function]}
      onResponderTerminationRequest={[Function]}
      onStartShouldSetResponder={[Function]}
      style={
        {
          "backgroundColor": "hsl(204, 20%, 98%)",
          "borderColor": "gray",
          "borderRadius": 8,
          "borderWidth": 1,
          "minHeight": 40,
          "opacity": 1,
          "padding": 8,
        }
      }
    >
      <View
        style={
          {
            "backgroundColor": "red",
            "flex": 1,
            "flexDirection": "row",
            "justifyContent": "space-between",
          }
        }
      >
        <View
          style={
            {
              "backgroundColor": "blue",
              "flexDirection": "row",
              "flexWrap": "wrap",
            }
          }
        >
          <View>
            <View
              accessible={true}
              collapsable={false}
              focusable={true}
              onClick={[Function]}
              onResponderGrant={[Function]}
              onResponderMove={[Function]}
              onResponderRelease={[Function]}
              onResponderTerminate={[Function]}
              onResponderTerminationRequest={[Function]}
              onStartShouldSetResponder={[Function]}
              style={
                {
                  "alignContent": "center",
                  "display": "flex",
                  "height": "100%",
                  "justifyContent": "center",
                  "opacity": 1,
                }
              }
            >
              <View
                style={
                  {
                    "flexDirection": "row",
                  }
                }
              >
                <Text
                  style={
                    [
                      {},
                      false,
                    ]
                  }
                >
                  3
                </Text>
              </View>
            </View>
          </View>
          <View>
            <View
              accessible={true}
              collapsable={false}
              focusable={true}
              onClick={[Function]}
              onResponderGrant={[Function]}
              onResponderMove={[Function]}
              onResponderRelease={[Function]}
              onResponderTerminate={[Function]}
              onResponderTerminationRequest={[Function]}
              onStartShouldSetResponder={[Function]}
              style={
                {
                  "alignContent": "center",
                  "display": "flex",
                  "height": "100%",
                  "justifyContent": "center",
                  "opacity": 1,
                }
              }
            >
              <View
                style={
                  {
                    "flexDirection": "row",
                  }
                }
              >
                <Text
                  style={
                    [
                      {},
                      false,
                    ]
                  }
                >
                   
                </Text>
              </View>
            </View>
          </View>
          <View>
            <View
              accessible={true}
              collapsable={false}
              focusable={true}
              onClick={[Function]}
              onResponderGrant={[Function]}
              onResponderMove={[Function]}
              onResponderRelease={[Function]}
              onResponderTerminate={[Function]}
              onResponderTerminationRequest={[Function]}
              onStartShouldSetResponder={[Function]}
              style={
                {
                  "alignContent": "center",
                  "display": "flex",
                  "height": "100%",
                  "justifyContent": "center",
                  "opacity": 1,
                }
              }
            >
              <View
                style={
                  {
                    "flexDirection": "row",
                  }
                }
              >
                <Text
                  style={
                    [
                      {},
                      false,
                    ]
                  }
                >
                  +
                </Text>
              </View>
            </View>
          </View>
          <View>
            <View
              accessible={true}
              collapsable={false}
              focusable={true}
              onClick={[Function]}
              onResponderGrant={[Function]}
              onResponderMove={[Function]}
              onResponderRelease={[Function]}
              onResponderTerminate={[Function]}
              onResponderTerminationRequest={[Function]}
              onStartShouldSetResponder={[Function]}
              style={
                {
                  "alignContent": "center",
                  "display": "flex",
                  "height": "100%",
                  "justifyContent": "center",
                  "opacity": 1,
                }
              }
            >
              <View
                style={
                  {
                    "flexDirection": "row",
                  }
                }
              >
                <Text
                  style={
                    [
                      {},
                      false,
                    ]
                  }
                >
                   
                </Text>
              </View>
            </View>
          </View>
          <View>
            <View
              style={
                [
                  {
                    "alignContent": "center",
                    "display": "flex",
                    "height": "100%",
                    "justifyContent": "center",
                  },
                  false,
                ]
              }
            >
              <View
                style={
                  {
                    "alignSelf": "center",
                    "flexDirection": "row",
                  }
                }
              >
                <View>
                  <View
                    accessible={true}
                    collapsable={false}
                    focusable={true}
                    onClick={[Function]}
                    onResponderGrant={[Function]}
                    onResponderMove={[Function]}
                    onResponderRelease={[Function]}
                    onResponderTerminate={[Function]}
                    onResponderTerminationRequest={[Function]}
                    onStartShouldSetResponder={[Function]}
                    style={
                      {
                        "alignContent": "center",
                        "display": "flex",
                        "height": "100%",
                        "justifyContent": "center",
                        "opacity": 1,
                      }
                    }
                  >
                    <View
                      style={
                        {
                          "flexDirection": "row",
                        }
                      }
                    >
                      <Text
                        style={
                          [
                            {},
                            false,
                          ]
                        }
                      >
                        4
                      </Text>
                    </View>
                  </View>
                </View>
                <View>
                  <View
                    accessible={true}
                    collapsable={false}
                    focusable={true}
                    onClick={[Function]}
                    onResponderGrant={[Function]}
                    onResponderMove={[Function]}
                    onResponderRelease={[Function]}
                    onResponderTerminate={[Function]}
                    onResponderTerminationRequest={[Function]}
                    onStartShouldSetResponder={[Function]}
                    style={
                      {
                        "alignContent": "center",
                        "display": "flex",
                        "height": "100%",
                        "justifyContent": "center",
                        "opacity": 1,
                      }
                    }
                  >
                    <View
                      style={
                        {
                          "flexDirection": "row",
                        }
                      }
                    >
                      <Text
                        style={
                          [
                            {},
                            false,
                          ]
                        }
                      >
                        +
                      </Text>
                    </View>
                  </View>
                </View>
                <View>
                  <View
                    accessible={true}
                    collapsable={false}
                    focusable={true}
                    onClick={[Function]}
                    onResponderGrant={[Function]}
                    onResponderMove={[Function]}
                    onResponderRelease={[Function]}
                    onResponderTerminate={[Function]}
                    onResponderTerminationRequest={[Function]}
                    onStartShouldSetResponder={[Function]}
                    style={
                      {
                        "alignContent": "center",
                        "height": "100%",
                        "justifyContent": "center",
                        "opacity": 1,
                      }
                    }
                  >
                    <Text
                      style={
                        [
                          {},
                          false,
                        ]
                      }
                    >
                      ▢
                    </Text>
                  </View>
                </View>
              </View>
              <View
                style={
                  {
                    "borderBottomWidth": 1,
                  }
                }
              />
              <View
                style={
                  {
                    "alignSelf": "center",
                    "flexDirection": "row",
                  }
                }
              >
                <View>
                  <View
                    accessible={true}
                    collapsable={false}
                    focusable={true}
                    onClick={[Function]}
                    onResponderGrant={[Function]}
                    onResponderMove={[Function]}
                    onResponderRelease={[Function]}
                    onResponderTerminate={[Function]}
                    onResponderTerminationRequest={[Function]}
                    onStartShouldSetResponder={[Function]}
                    style={
                      {
                        "alignContent": "center",
                        "display": "flex",
                        "height": "100%",
                        "justifyContent": "center",
                        "opacity": 1,
                      }
                    }
                  >
                    <View
                      style={
                        {
                          "flexDirection": "row",
                        }
                      }
                    >
                      <Text
                        style={
                          [
                            {},
                            false,
                          ]
                        }
                      >
                        1
                      </Text>
                    </View>
                  </View>
                </View>
                <View>
                  <View
                    accessible={true}
                    collapsable={false}
                    focusable={true}
                    onClick={[Function]}
                    onResponderGrant={[Function]}
                    onResponderMove={[Function]}
                    onResponderRelease={[Function]}
                    onResponderTerminate={[Function]}
                    onResponderTerminationRequest={[Function]}
                    onStartShouldSetResponder={[Function]}
                    style={
                      {
                        "alignContent": "center",
                        "display": "flex",
                        "height": "100%",
                        "justifyContent": "center",
                        "opacity": 1,
                      }
                    }
                  >
                    <View
                      style={
                        {
                          "flexDirection": "row",
                        }
                      }
                    >
                      <Text
                        style={
                          [
                            {},
                            false,
                          ]
                        }
                      >
                        6
                      </Text>
                    </View>
                  </View>
                </View>
                <View>
                  <View
                    accessible={true}
                    collapsable={false}
                    focusable={true}
                    onClick={[Function]}
                    onResponderGrant={[Function]}
                    onResponderMove={[Function]}
                    onResponderRelease={[Function]}
                    onResponderTerminate={[Function]}
                    onResponderTerminationRequest={[Function]}
                    onStartShouldSetResponder={[Function]}
                    style={
                      {
                        "alignContent": "center",
                        "display": "flex",
                        "height": "100%",
                        "justifyContent": "center",
                        "opacity": 1,
                      }
                    }
                  >
                    <View
                      style={
                        {
                          "flexDirection": "row",
                        }
                      }
                    >
                      <Text
                        style={
                          [
                            {},
                            false,
                          ]
                        }
                      >
                         
                      </Text>
                    </View>
                  </View>
                </View>
                <View>
                  <View
                    accessible={true}
                    collapsable={false}
                    focusable={true}
                    onClick={[Function]}
                    onResponderGrant={[Function]}
                    onResponderMove={[Function]}
                    onResponderRelease={[Function]}
                    onResponderTerminate={[Function]}
                    onResponderTerminationRequest={[Function]}
                    onStartShouldSetResponder={[Function]}
                    style={
                      {
                        "alignContent": "center",
                        "display": "flex",
                        "height": "100%",
                        "justifyContent": "center",
                        "opacity": 1,
                      }
                    }
                  >
                    <View
                      style={
                        {
                          "flexDirection": "row",
                        }
                      }
                    >
                      <Text
                        style={
                          [
                            {},
                            false,
                          ]
                        }
                      >
                        -
                      </Text>
                    </View>
                  </View>
                </View>
                <View>
                  <View
                    accessible={true}
                    collapsable={false}
                    focusable={true}
                    onClick={[Function]}
                    onResponderGrant={[Function]}
                    onResponderMove={[Function]}
                    onResponderRelease={[Function]}
                    onResponderTerminate={[Function]}
                    onResponderTerminationRequest={[Function]}
                    onStartShouldSetResponder={[Function]}
                    style={
                      {
                        "alignContent": "center",
                        "display": "flex",
                        "height": "100%",
                        "justifyContent": "center",
                        "opacity": 1,
                      }
                    }
                  >
                    <View
                      style={
                        {
                          "flexDirection": "row",
                        }
                      }
                    >
                      <Text
                        style={
                          [
                            {},
                            false,
                          ]
                        }
                      >
                         
                      </Text>
                    </View>
                  </View>
                </View>
                <View>
                  <View
                    accessible={true}
                    collapsable={false}
                    focusable={true}
                    onClick={[Function]}
                    onResponderGrant={[Function]}
                    onResponderMove={[Function]}
                    onResponderRelease={[Function]}
                    onResponderTerminate={[Function]}
                    onResponderTerminationRequest={[Function]}
                    onStartShouldSetResponder={[Function]}
                    style={
                      {
                        "alignContent": "center",
                        "display": "flex",
                        "height": "100%",
                        "justifyContent": "center",
                        "opacity": 1,
                      }
                    }
                  >
                    <View
                      style={
                        {
                          "flexDirection": "row",
                        }
                      }
                    >
                      <Text
                        style={
                          [
                            {},
                            false,
                          ]
                        }
                      >
                        8
                      </Text>
                    </View>
                  </View>
                </View>
              </View>
            </View>
          </View>
          <View>
            <View
              accessible={true}
              collapsable={false}
              focusable={true}
              onClick={[Function]}
              onResponderGrant={[Function]}
              onResponderMove={[Function]}
              onResponderRelease={[Function]}
              onResponderTerminate={[Function]}
              onResponderTerminationRequest={[Function]}
              onStartShouldSetResponder={[Function]}
              style={
                {
                  "alignContent": "center",
                  "display": "flex",
                  "height": "100%",
                  "justifyContent": "center",
                  "opacity": 1,
                }
              }
            >
              <View
                style={
                  {
                    "flexDirection": "row",
                  }
                }
              >
                <Text
                  style={
                    [
                      {},
                      false,
                    ]
                  }
                >
                   
                </Text>
              </View>
            </View>
          </View>
          <View>
            <View
              accessible={true}
              collapsable={false}
              focusable={true}
              onClick={[Function]}
              onResponderGrant={[Function]}
              onResponderMove={[Function]}
              onResponderRelease={[Function]}
              onResponderTerminate={[Function]}
              onResponderTerminationRequest={[Function]}
              onStartShouldSetResponder={[Function]}
              style={
                {
                  "alignContent": "center",
                  "display": "flex",
                  "height": "100%",
                  "justifyContent": "center",
                  "opacity": 1,
                }
              }
            >
              <View
                style={
                  {
                    "flexDirection": "row",
                  }
                }
              >
                <Text
                  style={
                    [
                      {},
                      false,
                    ]
                  }
                >
                  +
                </Text>
              </View>
            </View>
          </View>
          <View>
            <View
              accessible={true}
              collapsable={false}
              focusable={true}
              onClick={[Function]}
              onResponderGrant={[Function]}
              onResponderMove={[Function]}
              onResponderRelease={[Function]}
              onResponderTerminate={[Function]}
              onResponderTerminationRequest={[Function]}
              onStartShouldSetResponder={[Function]}
              style={
                {
                  "alignContent": "center",
                  "display": "flex",
                  "height": "100%",
                  "justifyContent": "center",
                  "opacity": 1,
                }
              }
            >
              <View
                style={
                  {
                    "flexDirection": "row",
                  }
                }
              >
                <Text
                  style={
                    [
                      {},
                      false,
                    ]
                  }
                >
                   
                </Text>
              </View>
            </View>
          </View>
          <View>
            <View
              style={
                [
                  {
                    "alignItems": "center",
                    "display": "flex",
                    "flexDirection": "row",
                    "justifyContent": "center",
                  },
                  [
                    {
                      "alignItems": "center",
                      "flex": 1,
                      "height": "100%",
                      "justifyContent": "center",
                      "opacity": 1,
                    },
                    false,
                  ],
                  {
                    "backgroundColor": "hsl(204, 50%, 90%)",
                  },
                ]
              }
            >
              <View
                style={
                  {
                    "alignItems": "center",
                    "flexDirection": "row",
                  }
                }
              >
                <View>
                  <View
                    style={
                      [
                        {
                          "alignItems": "center",
                          "display": "flex",
                          "flexDirection": "row",
                          "height": "100%",
                          "justifyContent": "center",
                        },
                        false,
                      ]
                    }
                  >
                    <View
                      style={
                        {
                          "display": "flex",
                          "height": "100%",
                          "justifyContent": "center",
                        }
                      }
                    >
                      <Text
                        style={
                          [
                            {},
                            {
                              "fontSize": 24,
                            },
                          ]
                        }
                      >
                        √
                      </Text>
                    </View>
                    <View
                      onLayout={[Function]}
                      style={
                        [
                          {
                            "alignItems": "center",
                            "borderTopWidth": 1,
                            "flexDirection": "row",
                          },
                        ]
                      }
                    >
                      <View>
                        <View
                          accessible={true}
                          collapsable={false}
                          focusable={true}
                          onClick={[Function]}
                          onResponderGrant={[Function]}
                          onResponderMove={[Function]}
                          onResponderRelease={[Function]}
                          onResponderTerminate={[Function]}
                          onResponderTerminationRequest={[Function]}
                          onStartShouldSetResponder={[Function]}
                          style={
                            {
                              "alignContent": "center",
                              "display": "flex",
                              "height": "100%",
                              "justifyContent": "center",
                              "opacity": 1,
                            }
                          }
                        >
                          <View
                            style={
                              {
                                "flexDirection": "row",
                              }
                            }
                          >
                            <Text
                              style={
                                [
                                  {},
                                  false,
                                ]
                              }
                            >
                              2
                            </Text>
                          </View>
                        </View>
                      </View>
                      <View>
                        <View
                          accessible={true}
                          collapsable={false}
                          focusable={true}
                          onClick={[Function]}
                          onResponderGrant={[Function]}
                          onResponderMove={[Function]}
                          onResponderRelease={[Function]}
                          onResponderTerminate={[Function]}
                          onResponderTerminationRequest={[Function]}
                          onStartShouldSetResponder={[Function]}
                          style={
                            {
                              "alignContent": "center",
                              "display": "flex",
                              "height": "100%",
                              "justifyContent": "center",
                              "opacity": 1,
                            }
                          }
                        >
                          <View
                            style={
                              {
                                "flexDirection": "row",
                              }
                            }
                          >
                            <Text
                              style={
                                [
                                  {},
                                  false,
                                ]
                              }
                            >
                              4
                            </Text>
                          </View>
                        </View>
                      </View>
                      <View>
                        <View
                          accessible={true}
                          collapsable={false}
                          focusable={true}
                          onClick={[Function]}
                          onResponderGrant={[Function]}
                          onResponderMove={[Function]}
                          onResponderRelease={[Function]}
                          onResponderTerminate={[Function]}
                          onResponderTerminationRequest={[Function]}
                          onStartShouldSetResponder={[Function]}
                          style={
                            {
                              "alignContent": "center",
                              "display": "flex",
                              "height": "100%",
                              "justifyContent": "center",
                              "opacity": 1,
                            }
                          }
                        >
                          <View
                            style={
                              {
                                "flexDirection": "row",
                              }
                            }
                          >
                            <Text
                              style={
                                [
                                  {},
                                  false,
                                ]
                              }
                            >
                               
                            </Text>
                          </View>
                        </View>
                      </View>
                      <View>
                        <View
                          accessible={true}
                          collapsable={false}
                          focusable={true}
                          onClick={[Function]}
                          onResponderGrant={[Function]}
                          onResponderMove={[Function]}
                          onResponderRelease={[Function]}
                          onResponderTerminate={[Function]}
                          onResponderTerminationRequest={[Function]}
                          onStartShouldSetResponder={[Function]}
                          style={
                            {
                              "alignContent": "center",
                              "display": "flex",
                              "height": "100%",
                              "justifyContent": "center",
                              "opacity": 1,
                            }
                          }
                        >
                          <View
                            style={
                              {
                                "flexDirection": "row",
                              }
                            }
                          >
                            <Text
                              style={
                                [
                                  {},
                                  false,
                                ]
                              }
                            >
                              +
                            </Text>
                          </View>
                        </View>
                      </View>
                      <View>
                        <View
                          accessible={true}
                          collapsable={false}
                          focusable={true}
                          onClick={[Function]}
                          onResponderGrant={[Function]}
                          onResponderMove={[Function]}
                          onResponderRelease={[Function]}
                          onResponderTerminate={[Function]}
                          onResponderTerminationRequest={[Function]}
                          onStartShouldSetResponder={[Function]}
                          style={
                            {
                              "alignContent": "center",
                              "display": "flex",
                              "height": "100%",
                              "justifyContent": "center",
                              "opacity": 1,
                            }
                          }
                        >
                          <View
                            style={
                              {
                                "flexDirection": "row",
                              }
                            }
                          >
                            <Text
                              style={
                                [
                                  {},
                                  false,
                                ]
                              }
                            >
                               
                            </Text>
                          </View>
                        </View>
                      </View>
                      <View>
                        <View
                          style={
                            [
                              {
                                "alignContent": "center",
                                "display": "flex",
                                "height": "100%",
                                "justifyContent": "center",
                              },
                              false,
                            ]
                          }
                        >
                          <View
                            style={
                              {
                                "alignSelf": "center",
                                "flexDirection": "row",
                              }
                            }
                          >
                            <View>
                              <View
                                style={
                                  [
                                    {
                                      "alignItems": "center",
                                      "display": "flex",
                                      "flexDirection": "row",
                                      "height": "100%",
                                      "justifyContent": "center",
                                    },
                                    false,
                                  ]
                                }
                              >
                                <View
                                  style={
                                    {
                                      "display": "flex",
                                      "height": "100%",
                                      "justifyContent": "center",
                                    }
                                  }
                                >
                                  <Text
                                    style={
                                      [
                                        {},
                                        {
                                          "fontSize": 24,
                                        },
                                      ]
                                    }
                                  >
                                    √
                                  </Text>
                                </View>
                                <View
                                  onLayout={[Function]}
                                  style={
                                    [
                                      {
                                        "alignItems": "center",
                                        "borderTopWidth": 1,
                                        "flexDirection": "row",
                                      },
                                    ]
                                  }
                                >
                                  <View>
                                    <View
                                      accessible={true}
                                      collapsable={false}
                                      focusable={true}
                                      onClick={[Function]}
                                      onResponderGrant={[Function]}
                                      onResponderMove={[Function]}
                                      onResponderRelease={[Function]}
                                      onResponderTerminate={[Function]}
                                      onResponderTerminationRequest={[Function]}
                                      onStartShouldSetResponder={[Function]}
                                      style={
                                        {
                                          "alignContent": "center",
                                          "height": "100%",
                                          "justifyContent": "center",
                                          "opacity": 1,
                                        }
                                      }
                                    >
                                      <Text
                                        style={
                                          [
                                            {},
                                            false,
                                          ]
                                        }
                                      >
                                        ▢
                                      </Text>
                                    </View>
                                  </View>
                                </View>
                              </View>
                            </View>
                          </View>
                          <View
                            style={
                              {
                                "borderBottomWidth": 1,
                              }
                            }
                          />
                          <View
                            style={
                              {
                                "alignSelf": "center",
                                "flexDirection": "row",
                              }
                            }
                          >
                            <View>
                              <View
                                accessible={true}
                                collapsable={false}
                                focusable={true}
                                onClick={[Function]}
                                onResponderGrant={[Function]}
                                onResponderMove={[Function]}
                                onResponderRelease={[Function]}
                                onResponderTerminate={[Function]}
                                onResponderTerminationRequest={[Function]}
                                onStartShouldSetResponder={[Function]}
                                style={
                                  {
                                    "alignContent": "center",
                                    "height": "100%",
                                    "justifyContent": "center",
                                    "opacity": 1,
                                  }
                                }
                              >
                                <Text
                                  style={
                                    [
                                      {},
                                      false,
                                    ]
                                  }
                                >
                                  ▢
                                </Text>
                              </View>
                            </View>
                          </View>
                        </View>
                      </View>
                    </View>
                  </View>
                </View>
                <View>
                  <View
                    accessible={true}
                    collapsable={false}
                    focusable={true}
                    onClick={[Function]}
                    onResponderGrant={[Function]}
                    onResponderMove={[Function]}
                    onResponderRelease={[Function]}
                    onResponderTerminate={[Function]}
                    onResponderTerminationRequest={[Function]}
                    onStartShouldSetResponder={[Function]}
                    style={
                      {
                        "alignContent": "center",
                        "display": "flex",
                        "height": "100%",
                        "justifyContent": "center",
                        "opacity": 1,
                      }
                    }
                  >
                    <View
                      style={
                        {
                          "flexDirection": "row",
                        }
                      }
                    >
                      <Text
                        style={
                          [
                            {},
                            false,
                          ]
                        }
                      >
                         
                      </Text>
                    </View>
                  </View>
                </View>
                <View>
                  <View
                    accessible={true}
                    collapsable={false}
                    focusable={true}
                    onClick={[Function]}
                    onResponderGrant={[Function]}
                    onResponderMove={[Function]}
                    onResponderRelease={[Function]}
                    onResponderTerminate={[Function]}
                    onResponderTerminationRequest={[Function]}
                    onStartShouldSetResponder={[Function]}
                    style={
                      {
                        "alignContent": "center",
                        "display": "flex",
                        "height": "100%",
                        "justifyContent": "center",
                        "opacity": 1,
                      }
                    }
                  >
                    <View
                      style={
                        {
                          "flexDirection": "row",
                        }
                      }
                    >
                      <Text
                        style={
                          [
                            {},
                            false,
                          ]
                        }
                      >
                        +
                      </Text>
                    </View>
                  </View>
                </View>
                <View>
                  <View
                    accessible={true}
                    collapsable={false}
                    focusable={true}
                    onClick={[Function]}
                    onResponderGrant={[Function]}
                    onResponderMove={[Function]}
                    onResponderRelease={[Function]}
                    onResponderTerminate={[Function]}
                    onResponderTerminationRequest={[Function]}
                    onStartShouldSetResponder={[Function]}
                    style={
                      {
                        "alignContent": "center",
                        "display": "flex",
                        "height": "100%",
                        "justifyContent": "center",
                        "opacity": 1,
                      }
                    }
                  >
                    <View
                      style={
                        {
                          "flexDirection": "row",
                        }
                      }
                    >
                      <Text
                        style={
                          [
                            {},
                            false,
                          ]
                        }
                      >
                         
                      </Text>
                    </View>
                  </View>
                </View>
                <View>
                  <View
                    style={
                      [
                        {
                          "alignItems": "center",
                          "display": "flex",
                          "flexDirection": "row",
                          "height": "100%",
                          "justifyContent": "center",
                        },
                        false,
                      ]
                    }
                  >
                    <View
                      style={
                        {
                          "display": "flex",
                          "height": "100%",
                          "justifyContent": "center",
                        }
                      }
                    >
                      <Text
                        style={
                          [
                            {},
                            {
                              "fontSize": 24,
                            },
                          ]
                        }
                      >
                        √
                      </Text>
                    </View>
                    <View
                      onLayout={[Function]}
                      style={
                        [
                          {
                            "alignItems": "center",
                            "borderTopWidth": 1,
                            "flexDirection": "row",
                          },
                        ]
                      }
                    >
                      <View>
                        <View
                          accessible={true}
                          collapsable={false}
                          focusable={true}
                          onClick={[Function]}
                          onResponderGrant={[Function]}
                          onResponderMove={[Function]}
                          onResponderRelease={[Function]}
                          onResponderTerminate={[Function]}
                          onResponderTerminationRequest={[Function]}
                          onStartShouldSetResponder={[Function]}
                          style={
                            {
                              "alignContent": "center",
                              "display": "flex",
                              "height": "100%",
                              "justifyContent": "center",
                              "opacity": 1,
                            }
                          }
                        >
                          <View
                            style={
                              {
                                "flexDirection": "row",
                              }
                            }
                          >
                            <Text
                              style={
                                [
                                  {},
                                  false,
                                ]
                              }
                            >
                              2
                            </Text>
                          </View>
                        </View>
                      </View>
                      <View>
                        <View
                          accessible={true}
                          collapsable={false}
                          focusable={true}
                          onClick={[Function]}
                          onResponderGrant={[Function]}
                          onResponderMove={[Function]}
                          onResponderRelease={[Function]}
                          onResponderTerminate={[Function]}
                          onResponderTerminationRequest={[Function]}
                          onStartShouldSetResponder={[Function]}
                          style={
                            {
                              "alignContent": "center",
                              "display": "flex",
                              "height": "100%",
                              "justifyContent": "center",
                              "opacity": 1,
                            }
                          }
                        >
                          <View
                            style={
                              {
                                "flexDirection": "row",
                              }
                            }
                          >
                            <Text
                              style={
                                [
                                  {},
                                  false,
                                ]
                              }
                            >
                              4
                            </Text>
                          </View>
                        </View>
                      </View>
                    </View>
                  </View>
                </View>
              </View>
            </View>
          </View>
        </View>
        <View
          accessible={true}
          collapsable={false}
          focusable={true}
          onClick={[Function]}
          onResponderGrant={[Function]}
          onResponderMove={[Function]}
          onResponderRelease={[Function]}
          onResponderTerminate={[Function]}
          onResponderTerminationRequest={[Function]}
          onStartShouldSetResponder={[Function]}
          style={
            {
              "alignSelf": "center",
              "aspectRatio": "1/1",
              "height": "100%",
              "maxHeight": 30,
              "maxWidth": 30,
              "opacity": 1,
            }
          }
        >
          <Image
            source={
              {
                "process": [Function],
              }
            }
            style={
              {
                "flex": 1,
                "height": "100%",
                "width": "100%",
              }
            }
          />
        </View>
      </View>
    </View>
    <Text>
      3. ASCII: 
      "3 + ("4+)/("16 - 8)" + sqrt("24 + (sqrt())/())" + sqrt("24)
       
    </Text>
    <Text>
      4. ASCII meta: 
      {"id":"metaVar2"}
       
    </Text>
  </View>,
  <Modal
    animationType="fade"
    hardwareAccelerated={false}
    onRequestClose={[Function]}
    transparent={true}
    visible={false}
  />,
]
`;
